// Jest Snapshot v1, https://goo.gl/fbAQLP

exports[`MetadataProperty simple component when type is custom type errors should render duplicated relation error 1`] = `
<span
  className="validation-error"
>
  <Connect(Icon)
    icon="exclamation-triangle"
  />
   Cannot use 'any entity or document' if another relationship of the same type is already with a specific entity.
</span>
`;
