// Jest Snapshot v1, https://goo.gl/fbAQLP

exports[`templates routes /api/templates/setasdefault should have a validation schema 1`] = `undefined`;

exports[`templates routes /templates/count_by_thesauri should have a validation schema 1`] = `undefined`;

exports[`templates routes DELETE should have a validation schema 1`] = `undefined`;
